tests/120-const-default.t.1:1:1: error: default initialization of const-qualified variable
